python : Traceback (most 
recent call last):
At line:1 char:1
+ python test_custom_field.py 
> test_output.txt 2>&1
+ ~~~~~~~~~~~~~~~~~~~~~~~~~~~~
~~~~~~~~~~~~~~~~~~~~~~
    + CategoryInfo          : 
    NotSpecified: (Traceback  
   (most recent call last):   
 :String) [], RemoteExcept    
ion
    + FullyQualifiedErrorId : 
    NativeCommandError
 
  File "D:\Skill_In_Salesforce
\test_custom_field.py", line 
23, in <module>
    auth.authenticate_simple()
    ~~~~~~~~~~~~~~~~~~~~~~~~^^
  File "D:\Skill_In_Salesforce
\salesforce\scripts\sf_auth.py
", line 144, in 
authenticate_simple
    print(f"\u2705 
Authenticated successfully 
(SOAP login)!")
    ~~~~~^^^^^^^^^^^^^^^^^^^^^
^^^^^^^^^^^^^^^^^^^^^^^^^^^
  File "C:\Users\Kamal\AppData
\Local\Programs\Python\Python3
13\Lib\encodings\cp1252.py", 
line 19, in encode
    return codecs.charmap_enco
de(input,self.errors,encoding_
table)[0]
           ~~~~~~~~~~~~~~~~~~~
~~^^^^^^^^^^^^^^^^^^^^^^^^^^^^
^^^^^^
UnicodeEncodeError: 'charmap' 
codec can't encode character 
'\u2705' in position 0: 
character maps to <undefined>
